Flow report for 09022208
Sat Mar 16 17:12:52 2024
Quartus II Version 9.1 Build 350 03/24/2010 Service Pack 2 SJ Web Edition


---------------------
; Table of Contents ;
---------------------
  1. Legal Notice
  2. Flow Summary
  3. Flow Settings
  4. Flow Non-Default Global Settings
  5. Flow Elapsed Time
  6. Flow OS Summary
  7. Flow Log



----------------
; Legal Notice ;
----------------
Copyright (C) 1991-2010 Altera Corporation
Your use of Altera Corporation's design tools, logic functions 
and other software and tools, and its AMPP partner logic 
functions, and any output files from any of the foregoing 
(including device programming or simulation files), and any 
associated documentation or information are expressly subject 
to the terms and conditions of the Altera Program License 
Subscription Agreement, Altera MegaCore Function License 
Agreement, or other applicable license agreement, including, 
without limitation, that your use is for the sole purpose of 
programming logic devices manufactured by Altera and sold by 
Altera or its authorized distributors.  Please refer to the 
applicable agreement for further details.



+-----------------------------------------------------------------------------------+
; Flow Summary                                                                      ;
+------------------------------------+----------------------------------------------+
; Flow Status                        ; Successful - Sat Mar 16 17:12:50 2024        ;
; Quartus II Version                 ; 9.1 Build 350 03/24/2010 SP 2 SJ Web Edition ;
; Revision Name                      ; 09022208                                     ;
; Top-level Entity Name              ; computer                                     ;
; Family                             ; Cyclone III                                  ;
; Device                             ; EP3C120F780C8                                ;
; Timing Models                      ; Final                                        ;
; Met timing requirements            ; N/A                                          ;
; Total logic elements               ; 2,627 / 119,088 ( 2 % )                      ;
;     Total combinational functions  ; 2,443 / 119,088 ( 2 % )                      ;
;     Dedicated logic registers      ; 1,025 / 119,088 ( < 1 % )                    ;
; Total registers                    ; 1025                                         ;
; Total pins                         ; 190 / 532 ( 36 % )                           ;
; Total virtual pins                 ; 0                                            ;
; Total memory bits                  ; 65,536 / 3,981,312 ( 2 % )                   ;
; Embedded Multiplier 9-bit elements ; 0 / 576 ( 0 % )                              ;
; Total PLLs                         ; 0 / 4 ( 0 % )                                ;
+------------------------------------+----------------------------------------------+


+-----------------------------------------+
; Flow Settings                           ;
+-------------------+---------------------+
; Option            ; Setting             ;
+-------------------+---------------------+
; Start date & time ; 03/16/2024 17:11:31 ;
; Main task         ; Compilation         ;
; Revision Name     ; 09022208            ;
+-------------------+---------------------+


+--------------------------------------------------------------------------------------------------------------------+
; Flow Non-Default Global Settings                                                                                   ;
+------------------------------------+--------------------------------+---------------+-------------+----------------+
; Assignment Name                    ; Value                          ; Default Value ; Entity Name ; Section Id     ;
+------------------------------------+--------------------------------+---------------+-------------+----------------+
; COMPILER_SIGNATURE_ID              ; 35369601117054.171058029131240 ; --            ; --          ; --             ;
; IP_TOOL_NAME                       ; LPM_MUX                        ; --            ; --          ; --             ;
; IP_TOOL_NAME                       ; LPM_FF                         ; --            ; --          ; --             ;
; IP_TOOL_NAME                       ; LPM_ADD_SUB                    ; --            ; --          ; --             ;
; IP_TOOL_NAME                       ; LPM_MUX                        ; --            ; --          ; --             ;
; IP_TOOL_NAME                       ; LPM_MUX                        ; --            ; --          ; --             ;
; IP_TOOL_NAME                       ; LPM_OR                         ; --            ; --          ; --             ;
; IP_TOOL_NAME                       ; LPM_MUX                        ; --            ; --          ; --             ;
; IP_TOOL_NAME                       ; LPM_OR                         ; --            ; --          ; --             ;
; IP_TOOL_NAME                       ; LPM_MUX                        ; --            ; --          ; --             ;
; IP_TOOL_NAME                       ; LPM_ADD_SUB                    ; --            ; --          ; --             ;
; IP_TOOL_NAME                       ; LPM_MUX                        ; --            ; --          ; --             ;
; IP_TOOL_NAME                       ; LPM_COUNTER                    ; --            ; --          ; --             ;
; IP_TOOL_NAME                       ; LPM_FF                         ; --            ; --          ; --             ;
; IP_TOOL_NAME                       ; LPM_MUX                        ; --            ; --          ; --             ;
; IP_TOOL_NAME                       ; LPM_MUX                        ; --            ; --          ; --             ;
; IP_TOOL_NAME                       ; LPM_MUX                        ; --            ; --          ; --             ;
; IP_TOOL_NAME                       ; LPM_CLSHIFT                    ; --            ; --          ; --             ;
; IP_TOOL_NAME                       ; LPM_CLSHIFT                    ; --            ; --          ; --             ;
; IP_TOOL_NAME                       ; LPM_AND                        ; --            ; --          ; --             ;
; IP_TOOL_NAME                       ; LPM_XOR                        ; --            ; --          ; --             ;
; IP_TOOL_NAME                       ; LPM_INV                        ; --            ; --          ; --             ;
; IP_TOOL_NAME                       ; LPM_AND                        ; --            ; --          ; --             ;
; IP_TOOL_NAME                       ; LPM_RAM_DQ                     ; --            ; --          ; --             ;
; IP_TOOL_NAME                       ; LPM_RAM_DQ                     ; --            ; --          ; --             ;
; IP_TOOL_NAME                       ; LPM_ROM                        ; --            ; --          ; --             ;
; IP_TOOL_NAME                       ; LPM_MUX                        ; --            ; --          ; --             ;
; IP_TOOL_NAME                       ; LPM_MUX                        ; --            ; --          ; --             ;
; IP_TOOL_VERSION                    ; 9.1                            ; --            ; --          ; --             ;
; IP_TOOL_VERSION                    ; 9.1                            ; --            ; --          ; --             ;
; IP_TOOL_VERSION                    ; 9.1                            ; --            ; --          ; --             ;
; IP_TOOL_VERSION                    ; 9.1                            ; --            ; --          ; --             ;
; IP_TOOL_VERSION                    ; 9.1                            ; --            ; --          ; --             ;
; IP_TOOL_VERSION                    ; 9.1                            ; --            ; --          ; --             ;
; IP_TOOL_VERSION                    ; 9.1                            ; --            ; --          ; --             ;
; IP_TOOL_VERSION                    ; 9.1                            ; --            ; --          ; --             ;
; IP_TOOL_VERSION                    ; 9.1                            ; --            ; --          ; --             ;
; IP_TOOL_VERSION                    ; 9.1                            ; --            ; --          ; --             ;
; IP_TOOL_VERSION                    ; 9.1                            ; --            ; --          ; --             ;
; IP_TOOL_VERSION                    ; 9.1                            ; --            ; --          ; --             ;
; IP_TOOL_VERSION                    ; 9.1                            ; --            ; --          ; --             ;
; IP_TOOL_VERSION                    ; 9.1                            ; --            ; --          ; --             ;
; IP_TOOL_VERSION                    ; 9.1                            ; --            ; --          ; --             ;
; IP_TOOL_VERSION                    ; 9.1                            ; --            ; --          ; --             ;
; IP_TOOL_VERSION                    ; 9.1                            ; --            ; --          ; --             ;
; IP_TOOL_VERSION                    ; 9.1                            ; --            ; --          ; --             ;
; IP_TOOL_VERSION                    ; 9.1                            ; --            ; --          ; --             ;
; IP_TOOL_VERSION                    ; 9.1                            ; --            ; --          ; --             ;
; IP_TOOL_VERSION                    ; 9.1                            ; --            ; --          ; --             ;
; IP_TOOL_VERSION                    ; 9.1                            ; --            ; --          ; --             ;
; IP_TOOL_VERSION                    ; 9.1                            ; --            ; --          ; --             ;
; IP_TOOL_VERSION                    ; 9.1                            ; --            ; --          ; --             ;
; IP_TOOL_VERSION                    ; 9.1                            ; --            ; --          ; --             ;
; IP_TOOL_VERSION                    ; 9.1                            ; --            ; --          ; --             ;
; IP_TOOL_VERSION                    ; 9.1                            ; --            ; --          ; --             ;
; MAX_CORE_JUNCTION_TEMP             ; 85                             ; --            ; --          ; --             ;
; MIN_CORE_JUNCTION_TEMP             ; 0                              ; --            ; --          ; --             ;
; MISC_FILE                          ; E:/COD2024/09022208.dpf        ; --            ; --          ; --             ;
; MISC_FILE                          ; lpm_mux0.tdf                   ; --            ; --          ; --             ;
; MISC_FILE                          ; lpm_mux0.bsf                   ; --            ; --          ; --             ;
; MISC_FILE                          ; lpm_mux0.inc                   ; --            ; --          ; --             ;
; MISC_FILE                          ; lpm_dff0.tdf                   ; --            ; --          ; --             ;
; MISC_FILE                          ; lpm_dff0.bsf                   ; --            ; --          ; --             ;
; MISC_FILE                          ; lpm_dff0.inc                   ; --            ; --          ; --             ;
; MISC_FILE                          ; lpm_add_sub1.tdf               ; --            ; --          ; --             ;
; MISC_FILE                          ; lpm_add_sub1.bsf               ; --            ; --          ; --             ;
; MISC_FILE                          ; lpm_add_sub1.inc               ; --            ; --          ; --             ;
; MISC_FILE                          ; lpm_mux1.tdf                   ; --            ; --          ; --             ;
; MISC_FILE                          ; lpm_mux1.bsf                   ; --            ; --          ; --             ;
; MISC_FILE                          ; lpm_mux1.inc                   ; --            ; --          ; --             ;
; MISC_FILE                          ; lpm_mux2.tdf                   ; --            ; --          ; --             ;
; MISC_FILE                          ; lpm_mux2.bsf                   ; --            ; --          ; --             ;
; MISC_FILE                          ; lpm_mux2.inc                   ; --            ; --          ; --             ;
; MISC_FILE                          ; lpm_or0.tdf                    ; --            ; --          ; --             ;
; MISC_FILE                          ; lpm_or0.bsf                    ; --            ; --          ; --             ;
; MISC_FILE                          ; lpm_or0.inc                    ; --            ; --          ; --             ;
; MISC_FILE                          ; lpm_mux3.tdf                   ; --            ; --          ; --             ;
; MISC_FILE                          ; lpm_mux3.bsf                   ; --            ; --          ; --             ;
; MISC_FILE                          ; lpm_mux3.inc                   ; --            ; --          ; --             ;
; MISC_FILE                          ; lpm_or1.tdf                    ; --            ; --          ; --             ;
; MISC_FILE                          ; lpm_or1.bsf                    ; --            ; --          ; --             ;
; MISC_FILE                          ; lpm_or1.inc                    ; --            ; --          ; --             ;
; MISC_FILE                          ; lpm_mux4.tdf                   ; --            ; --          ; --             ;
; MISC_FILE                          ; lpm_mux4.bsf                   ; --            ; --          ; --             ;
; MISC_FILE                          ; lpm_mux4.inc                   ; --            ; --          ; --             ;
; MISC_FILE                          ; lpm_add_sub0.tdf               ; --            ; --          ; --             ;
; MISC_FILE                          ; lpm_add_sub0.bsf               ; --            ; --          ; --             ;
; MISC_FILE                          ; lpm_add_sub0.inc               ; --            ; --          ; --             ;
; MISC_FILE                          ; lpm_mux5.tdf                   ; --            ; --          ; --             ;
; MISC_FILE                          ; lpm_mux5.bsf                   ; --            ; --          ; --             ;
; MISC_FILE                          ; lpm_mux5.inc                   ; --            ; --          ; --             ;
; MISC_FILE                          ; lpm_counter0.tdf               ; --            ; --          ; --             ;
; MISC_FILE                          ; lpm_counter0.bsf               ; --            ; --          ; --             ;
; MISC_FILE                          ; lpm_counter0.inc               ; --            ; --          ; --             ;
; MISC_FILE                          ; lpm_dff1.tdf                   ; --            ; --          ; --             ;
; MISC_FILE                          ; lpm_dff1.bsf                   ; --            ; --          ; --             ;
; MISC_FILE                          ; lpm_dff1.inc                   ; --            ; --          ; --             ;
; MISC_FILE                          ; lpm_mux6.tdf                   ; --            ; --          ; --             ;
; MISC_FILE                          ; lpm_mux6.bsf                   ; --            ; --          ; --             ;
; MISC_FILE                          ; lpm_mux6.inc                   ; --            ; --          ; --             ;
; MISC_FILE                          ; lpm_mux7.tdf                   ; --            ; --          ; --             ;
; MISC_FILE                          ; lpm_mux7.bsf                   ; --            ; --          ; --             ;
; MISC_FILE                          ; lpm_mux7.inc                   ; --            ; --          ; --             ;
; MISC_FILE                          ; lpm_mux8.tdf                   ; --            ; --          ; --             ;
; MISC_FILE                          ; lpm_mux8.bsf                   ; --            ; --          ; --             ;
; MISC_FILE                          ; lpm_mux8.inc                   ; --            ; --          ; --             ;
; MISC_FILE                          ; lpm_clshift0.tdf               ; --            ; --          ; --             ;
; MISC_FILE                          ; lpm_clshift0.bsf               ; --            ; --          ; --             ;
; MISC_FILE                          ; lpm_clshift0.inc               ; --            ; --          ; --             ;
; MISC_FILE                          ; lpm_clshift1.tdf               ; --            ; --          ; --             ;
; MISC_FILE                          ; lpm_clshift1.bsf               ; --            ; --          ; --             ;
; MISC_FILE                          ; lpm_clshift1.inc               ; --            ; --          ; --             ;
; MISC_FILE                          ; lpm_and0.tdf                   ; --            ; --          ; --             ;
; MISC_FILE                          ; lpm_and0.bsf                   ; --            ; --          ; --             ;
; MISC_FILE                          ; lpm_and0.inc                   ; --            ; --          ; --             ;
; MISC_FILE                          ; lpm_xor0.tdf                   ; --            ; --          ; --             ;
; MISC_FILE                          ; lpm_xor0.bsf                   ; --            ; --          ; --             ;
; MISC_FILE                          ; lpm_xor0.inc                   ; --            ; --          ; --             ;
; MISC_FILE                          ; lpm_inv0.tdf                   ; --            ; --          ; --             ;
; MISC_FILE                          ; lpm_inv0.bsf                   ; --            ; --          ; --             ;
; MISC_FILE                          ; lpm_inv0.inc                   ; --            ; --          ; --             ;
; MISC_FILE                          ; lpm_and1.tdf                   ; --            ; --          ; --             ;
; MISC_FILE                          ; lpm_and1.bsf                   ; --            ; --          ; --             ;
; MISC_FILE                          ; lpm_and1.inc                   ; --            ; --          ; --             ;
; MISC_FILE                          ; lpm_ram_dq1.tdf                ; --            ; --          ; --             ;
; MISC_FILE                          ; lpm_ram_dq1.bsf                ; --            ; --          ; --             ;
; MISC_FILE                          ; lpm_ram_dq1.inc                ; --            ; --          ; --             ;
; MISC_FILE                          ; lpm_ram_dq2.tdf                ; --            ; --          ; --             ;
; MISC_FILE                          ; lpm_ram_dq2.bsf                ; --            ; --          ; --             ;
; MISC_FILE                          ; lpm_ram_dq2.inc                ; --            ; --          ; --             ;
; MISC_FILE                          ; lpm_rom0.tdf                   ; --            ; --          ; --             ;
; MISC_FILE                          ; lpm_rom0.bsf                   ; --            ; --          ; --             ;
; MISC_FILE                          ; lpm_rom0.inc                   ; --            ; --          ; --             ;
; MISC_FILE                          ; lpm_mux9.tdf                   ; --            ; --          ; --             ;
; MISC_FILE                          ; lpm_mux9.bsf                   ; --            ; --          ; --             ;
; MISC_FILE                          ; lpm_mux9.inc                   ; --            ; --          ; --             ;
; MISC_FILE                          ; lpm_mux10.tdf                  ; --            ; --          ; --             ;
; MISC_FILE                          ; lpm_mux10.bsf                  ; --            ; --          ; --             ;
; MISC_FILE                          ; lpm_mux10.inc                  ; --            ; --          ; --             ;
; NOMINAL_CORE_SUPPLY_VOLTAGE        ; 1.2V                           ; --            ; --          ; --             ;
; PARTITION_COLOR                    ; 16764057                       ; --            ; computer    ; Top            ;
; PARTITION_NETLIST_TYPE             ; SOURCE                         ; --            ; computer    ; Top            ;
; TOP_LEVEL_ENTITY                   ; computer                       ; 09022208      ; --          ; --             ;
; USE_GENERATED_PHYSICAL_CONSTRAINTS ; Off                            ; --            ; --          ; eda_blast_fpga ;
+------------------------------------+--------------------------------+---------------+-------------+----------------+


+-------------------------------------------------------------------------------------------------------------------------------+
; Flow Elapsed Time                                                                                                             ;
+---------------------------+--------------+-------------------------+---------------------+------------------------------------+
; Module Name               ; Elapsed Time ; Average Processors Used ; Peak Virtual Memory ; Total CPU Time (on all processors) ;
+---------------------------+--------------+-------------------------+---------------------+------------------------------------+
; Analysis & Synthesis      ; 00:00:38     ; 1.0                     ; 269 MB              ; 00:00:12                           ;
; Fitter                    ; 00:00:33     ; 1.0                     ; 402 MB              ; 00:00:12                           ;
; TimeQuest Timing Analyzer ; 00:00:07     ; 1.0                     ; 319 MB              ; 00:00:03                           ;
; Assembler                 ; 00:00:05     ; 1.0                     ; 444 MB              ; 00:00:02                           ;
; Total                     ; 00:01:18     ; --                      ; --                  ; 00:00:27                           ;
+---------------------------+--------------+-------------------------+---------------------+------------------------------------+


+--------------------------------------------------------------------------------------------+
; Flow OS Summary                                                                            ;
+---------------------------+------------------+---------------+------------+----------------+
; Module Name               ; Machine Hostname ; OS Name       ; OS Version ; Processor type ;
+---------------------------+------------------+---------------+------------+----------------+
; Analysis & Synthesis      ; Yantai           ; Windows Vista ; 6.2        ; x86_64         ;
; Fitter                    ; Yantai           ; Windows Vista ; 6.2        ; x86_64         ;
; Assembler                 ; Yantai           ; Windows Vista ; 6.2        ; x86_64         ;
; TimeQuest Timing Analyzer ; Yantai           ; Windows Vista ; 6.2        ; x86_64         ;
+---------------------------+------------------+---------------+------------+----------------+


------------
; Flow Log ;
------------
quartus_map --read_settings_files=on --write_settings_files=off 09022208 -c 09022208
quartus_fit --read_settings_files=off --write_settings_files=off 09022208 -c 09022208
quartus_asm --read_settings_files=off --write_settings_files=off 09022208 -c 09022208
quartus_sta 09022208 -c 09022208



